---
source: src/tests/integration/resize_left.rs
expression: snapshot
---
aaaaaaaaaaaaaaaaaaaaa                             │bbbbbbbbbbbbbbbbbbbb                    │line1-bbbbbbbbbbbbbbbbbbbbbbb
line14-aaaaaaaaaaaaaaaaaaaaaaaaaaaaaaaaaaaaaaaaaaa│line11-bbbbbbbbbbbbbbbbbbbbbbbbbbbbbbbbb│line2-bbbbbbbbbbbbbbbbbbbbbbb
aaaaaaaaaaaaaaaaaaaaaaaaaaaaaaaaaaaaaaaaaaaaaaaaaa│bbbbbbbbbbbbbbbbbbbb                    │line3-bbbbbbbbbbbbbbbbbbbbbbb
aaaaaaaaaaaaaaaaaaaaa                             │line12-bbbbbbbbbbbbbbbbbbbbbbbbbbbbbbbbb│line4-bbbbbbbbbbbbbbbbbbbbbbb
line15-aaaaaaaaaaaaaaaaaaaaaaaaaaaaaaaaaaaaaaaaaaa│bbbbbbbbbbbbbbbbbbbb                    │line5-bbbbbbbbbbbbbbbbbbbbbbb
aaaaaaaaaaaaaaaaaaaaaaaaaaaaaaaaaaaaaaaaaaaaaaaaaa│line13-bbbbbbbbbbbbbbbbbbbbbbbbbbbbbbbbb│line6-bbbbbbbbbbbbbbbbbbbbbbb
aaaaaaaaaaaaaaaaaaaaa                             │bbbbbbbbbbbbbbbbbbbb                    │line7-bbbbbbbbbbbbbbbbbbbbbbb
line16-aaaaaaaaaaaaaaaaaaaaaaaaaaaaaaaaaaaaaaaaaaa│line14-bbbbbbbbbbbbbbbbbbbbbbbbbbbbbbbbb│line8-bbbbbbbbbbbbbbbbbbbbbbb
aaaaaaaaaaaaaaaaaaaaaaaaaaaaaaaaaaaaaaaaaaaaaaaaaa│bbbbbbbbbbbbbbbbbbbb                    │line9-bbbbbbbbbbbbbbbbbbbbbbb
aaaaaaaaaaaaaaaaaaaaa                             │line15-bbbbbbbbbbbbbbbbbbbbbbbbbbbbbbbbb│line10-bbbbbbbbbbbbbbbbbbbbbb
line17-aaaaaaaaaaaaaaaaaaaaaaaaaaaaaaaaaaaaaaaaaaa│bbbbbbbbbbbbbbbbbbbb                    │line11-bbbbbbbbbbbbbbbbbbbbbb
aaaaaaaaaaaaaaaaaaaaaaaaaaaaaaaaaaaaaaaaaaaaaaaaaa│line16-bbbbbbbbbbbbbbbbbbbbbbbbbbbbbbbbb│line12-bbbbbbbbbbbbbbbbbbbbbb
aaaaaaaaaaaaaaaaaaaaa                             │bbbbbbbbbbbbbbbbbbbb                    │line13-bbbbbbbbbbbbbbbbbbbbbb
line18-aaaaaaaaaaaaaaaaaaaaaaaaaaaaaaaaaaaaaaaaaaa│line17-bbbbbbbbbbbbbbbbbbbbbbbbbbbbbbbbb│line14-bbbbbbbbbbbbbbbbbbbbbb
aaaaaaaaaaaaaaaaaaaaaaaaaaaaaaaaaaaaaaaaaaaaaaaaaa│bbbbbbbbbbbbbbbbbbbb                    │line15-bbbbbbbbbbbbbbbbbbbbbb
aaaaaaaaaaaaaaaaaaaaa                             │line18-bbbbbbbbbbbbbbbbbbbbbbbbbbbbbbbbb│line16-bbbbbbbbbbbbbbbbbbbbbb
line19-aaaaaaaaaaaaaaaaaaaaaaaaaaaaaaaaaaaaaaaaaaa│bbbbbbbbbbbbbbbbbbbb                    │line17-bbbbbbbbbbbbbbbbbbbbbb
aaaaaaaaaaaaaaaaaaaaaaaaaaaaaaaaaaaaaaaaaaaaaaaaaa│line19-bbbbbbbbbbbbbbbbbbbbbbbbbbbbbbbbb│line18-bbbbbbbbbbbbbbbbbbbbbb
aaaaaaaaaaaaaaaaaaaaa                             │bbbbbbbbbbbbbbbbbbbb                    │line19-bbbbbbbbbbbbbbbbbbbbbb
prompt $                                          │prompt $ █                              │prompt $                     
