---
source: src/tests/integration/resize_down.rs
expression: snapshot
---
â–ˆ                                                                                                                        
                                                                                                                         
                                                                                                                         
                                                                                                                         
                                                                                                                         
