---
source: src/tests/integration/resize_right.rs
expression: snapshot
---
Bye from 
Mosaic!â–ˆ 
         
         
         
         
         
         
         
         
         
         
         
         
         
         
         
         
         
         
