---
source: src/tests/integration/compatibility.rs
expression: snapshot
---
Bye from Mosaic!â–ˆ                                                                                                   
                                                                                                                    
                                                                                                                    
                                                                                                                    
                                                                                                                    
                                                                                                                    
                                                                                                                    
                                                                                                                    
                                                                                                                    
                                                                                                                    
                                                                                                                    
                                                                                                                    
                                                                                                                    
                                                                                                                    
                                                                                                                    
                                                                                                                    
                                                                                                                    
                                                                                                                    
                                                                                                                    
                                                                                                                    
                                                                                                                    
                                                                                                                    
                                                                                                                    
                                                                                                                    
                                                                                                                    
                                                                                                                    
                                                                                                                    
                                                                                                                    
