---
source: src/tests/integration/compatibility.rs
expression: snapshot
---
â–ˆ                                                                                                                                                                                                                                                                                           
                                                                                                                                                                                                                                                                                            
                                                                                                                                                                                                                                                                                            
                                                                                                                                                                                                                                                                                            
                                                                                                                                                                                                                                                                                            
                                                                                                                                                                                                                                                                                            
                                                                                                                                                                                                                                                                                            
                                                                                                                                                                                                                                                                                            
                                                                                                                                                                                                                                                                                            
                                                                                                                                                                                                                                                                                            
                                                                                                                                                                                                                                                                                            
                                                                                                                                                                                                                                                                                            
                                                                                                                                                                                                                                                                                            
                                                                                                                                                                                                                                                                                            
                                                                                                                                                                                                                                                                                            
                                                                                                                                                                                                                                                                                            
                                                                                                                                                                                                                                                                                            
                                                                                                                                                                                                                                                                                            
                                                                                                                                                                                                                                                                                            
                                                                                                                                                                                                                                                                                            
                                                                                                                                                                                                                                                                                            
                                                                                                                                                                                                                                                                                            
                                                                                                                                                                                                                                                                                            
                                                                                                                                                                                                                                                                                            
                                                                                                                                                                                                                                                                                            
                                                                                                                                                                                                                                                                                            
                                                                                                                                                                                                                                                                                            
                                                                                                                                                                                                                                                                                            
                                                                                                                                                                                                                                                                                            
                                                                                                                                                                                                                                                                                            
                                                                                                                                                                                                                                                                                            
                                                                                                                                                                                                                                                                                            
                                                                                                                                                                                                                                                                                            
                                                                                                                                                                                                                                                                                            
                                                                                                                                                                                                                                                                                            
                                                                                                                                                                                                                                                                                            
                                                                                                                                                                                                                                                                                            
                                                                                                                                                                                                                                                                                            
                                                                                                                                                                                                                                                                                            
                                                                                                                                                                                                                                                                                            
                                                                                                                                                                                                                                                                                            
                                                                                                                                                                                                                                                                                            
                                                                                                                                                                                                                                                                                            
                                                                                                                                                                                                                                                                                            
                                                                                                                                                                                                                                                                                            
                                                                                                                                                                                                                                                                                            
                                                                                                                                                                                                                                                                                            
                                                                                                                                                                                                                                                                                            
                                                                                                                                                                                                                                                                                            
                                                                                                                                                                                                                                                                                            
                                                                                                                                                                                                                                                                                            
                                                                                                                                                                                                                                                                                            
                                                                                                                                                                                                                                                                                            
                                                                                                                                                                                                                                                                                            
                                                                                                                                                                                                                                                                                            
                                                                                                                                                                                                                                                                                            
                                                                                                                                                                                                                                                                                            
                                                                                                                                                                                                                                                                                            
                                                                                                                                                                                                                                                                                            
                                                                                                                                                                                                                                                                                            
