---
source: src/tests/integration/resize_left.rs
expression: snapshot
---
â–ˆ        
         
         
         
         
         
         
         
         
         
         
         
         
         
         
         
         
         
         
         
