---
source: src/tests/integration/resize_right.rs
expression: snapshot
---
14-b│lin3
b   │lin4
line│lin5
15-b│lin6
b   │lin7
line│lin8
16-b│lin9
b   │ln10
line│ln11
17-b│ln12
b   │ln13
line│ln14
18-b│ln15
b   │ln16
line│ln17
19-b│ln18
b   │ln19
prom│prom
pt $│pt $
    │ █  
