---
source: src/tests/integration/basic.rs
expression: snapshot
---
line18-b
line19-b
prompt $
 â–ˆ      
