---
source: src/tests/integration/basic.rs
expression: snapshot
---
prompt $
        
Bye from
 Mosaic!
