---
source: src/client/panes/./unit/grid_tests.rs
expression: "format!(\"{:?}\", grid)"

---
00 (C): ABAAAAAAAAAAAAAAAAAAAAAAAAAAAAAAAAAAAAAAAAAAAAAAAAAAAAAAAAAAAAAAAAAAAAAAAAAAAAAA                                                                                               
01 (C):                                                                                                  
02 (C):                                                                                                  
03 (C): Test of 'Delete Character'. The top line should be 'AB'. Push <RETURN>
04 (C):                                                                                                  
05 (C):                                                                                                  
06 (C):                                                                                                  
07 (C):                                                                                                  
08 (C):                                                                                                  
09 (C):                                                                                                  
10 (C):                                                                                                  
11 (C):                                                                                                  
12 (C):                                                                                                  
13 (C):                                                                                                  
14 (C):                                                                                                  
15 (C):                                                                                                  
16 (C):                                                                                                  
17 (C):                                                                                                  
18 (C):                                                                                                  
19 (C):                                                                                                  
20 (C):                                                                                                  
21 (C):                                                                                                  
22 (C):                                                                                                  
23 (C):                                                                                                  

