---
source: src/client/panes/./unit/grid_tests.rs
expression: "format!(\"{:?}\", grid)"

---
00 (C): ffffff
01 (C): 

